00:00 +0: loading D:/App Building/ReplyRizz/test/monetization_controller_test.dart
flutter : test/monetization_contro
ller_test.dart:18:25: Error: The 
getter 'freeRepliesUsed' isn't 
defined for the type 
'MonetizationController'.
At line:1 char:1
+ flutter test test/monetization_c
ontroller_test.dart 2>&1 | 
Out-File - ...
+ ~~~~~~~~~~~~~~~~~~~~~~~~~~~~~~~~
~~~~~~~~~~~~~~~~~~~~~~~~
    + CategoryInfo          : Not 
   Specified: (test/monetizati..  
  .ionController'.:String) [],    
 RemoteException
    + FullyQualifiedErrorId : Nat 
   iveCommandError
 
 - 'MonetizationController' is 
from 'package:reply_rizz/services/
monetization_controller.dart' ('li
b/services/monetization_controller
.dart').
Try correcting the name to the 
name of an existing getter, or 
defining a getter or field named 
'freeRepliesUsed'.
      expect(controller.freeReplie
sUsed, 0);
                        
^^^^^^^^^^^^^^^
test/monetization_controller_test.
dart:19:25: Error: The getter 
'rewardedCredits' isn't defined 
for the type 
'MonetizationController'.
 - 'MonetizationController' is 
from 'package:reply_rizz/services/
monetization_controller.dart' ('li
b/services/monetization_controller
.dart').
Try correcting the name to the 
name of an existing getter, or 
defining a getter or field named 
'rewardedCredits'.
      expect(controller.rewardedCr
edits, 0);
                        
^^^^^^^^^^^^^^^
test/monetization_controller_test.
dart:29:25: Error: The getter 
'freeRepliesUsed' isn't defined 
for the type 
'MonetizationController'.
 - 'MonetizationController' is 
from 'package:reply_rizz/services/
monetization_controller.dart' ('li
b/services/monetization_controller
.dart').
Try correcting the name to the 
name of an existing getter, or 
defining a getter or field named 
'freeRepliesUsed'.
      expect(controller.freeReplie
sUsed, 1);
                        
^^^^^^^^^^^^^^^
test/monetization_controller_test.
dart:37:25: Error: The getter 
'rewardedCredits' isn't defined 
for the type 
'MonetizationController'.
 - 'MonetizationController' is 
from 'package:reply_rizz/services/
monetization_controller.dart' ('li
b/services/monetization_controller
.dart').
Try correcting the name to the 
name of an existing getter, or 
defining a getter or field named 
'rewardedCredits'.
      expect(controller.rewardedCr
edits, 5);
                        
^^^^^^^^^^^^^^^
test/monetization_controller_test.
dart:53:25: Error: The getter 
'rewardedCredits' isn't defined 
for the type 
'MonetizationController'.
 - 'MonetizationController' is 
from 'package:reply_rizz/services/
monetization_controller.dart' ('li
b/services/monetization_controller
.dart').
Try correcting the name to the 
name of an existing getter, or 
defining a getter or field named 
'rewardedCredits'.
      expect(controller.rewardedCr
edits, 0);
                        
^^^^^^^^^^^^^^^
test/monetization_controller_test.
dart:65:25: Error: The getter 
'freeRepliesUsed' isn't defined 
for the type 
'MonetizationController'.
 - 'MonetizationController' is 
from 'package:reply_rizz/services/
monetization_controller.dart' ('li
b/services/monetization_controller
.dart').
Try correcting the name to the 
name of an existing getter, or 
defining a getter or field named 
'freeRepliesUsed'.
      expect(controller.freeReplie
sUsed, 0);
                        
^^^^^^^^^^^^^^^
00:00 +0 -1: loading D:/App Building/ReplyRizz/test/monetization_controller_test.dart [E]
  Failed to load "D:/App Building/ReplyRizz/test/monetization_controller_test.dart":
  Compilation failed for testPath=D:/App Building/ReplyRizz/test/monetization_controller_test.dart: test/monetization_controller_test.dart:18:25: Error: The getter 'freeRepliesUsed' isn't defined for the type 'MonetizationController'.
   - 'MonetizationController' is from 'package:reply_rizz/services/monetization_controller.dart' ('lib/services/monetization_controller.dart').
  Try correcting the name to the name of an existing getter, or defining a getter or field named 'freeRepliesUsed'.
        expect(controller.freeRepliesUsed, 0);
                          ^^^^^^^^^^^^^^^
  test/monetization_controller_test.dart:19:25: Error: The getter 'rewardedCredits' isn't defined for the type 'MonetizationController'.
   - 'MonetizationController' is from 'package:reply_rizz/services/monetization_controller.dart' ('lib/services/monetization_controller.dart').
  Try correcting the name to the name of an existing getter, or defining a getter or field named 'rewardedCredits'.
        expect(controller.rewardedCredits, 0);
                          ^^^^^^^^^^^^^^^
  test/monetization_controller_test.dart:29:25: Error: The getter 'freeRepliesUsed' isn't defined for the type 'MonetizationController'.
   - 'MonetizationController' is from 'package:reply_rizz/services/monetization_controller.dart' ('lib/services/monetization_controller.dart').
  Try correcting the name to the name of an existing getter, or defining a getter or field named 'freeRepliesUsed'.
        expect(controller.freeRepliesUsed, 1);
                          ^^^^^^^^^^^^^^^
  test/monetization_controller_test.dart:37:25: Error: The getter 'rewardedCredits' isn't defined for the type 'MonetizationController'.
   - 'MonetizationController' is from 'package:reply_rizz/services/monetization_controller.dart' ('lib/services/monetization_controller.dart').
  Try correcting the name to the name of an existing getter, or defining a getter or field named 'rewardedCredits'.
        expect(controller.rewardedCredits, 5);
                          ^^^^^^^^^^^^^^^
  test/monetization_controller_test.dart:53:25: Error: The getter 'rewardedCredits' isn't defined for the type 'MonetizationController'.
   - 'MonetizationController' is from 'package:reply_rizz/services/monetization_controller.dart' ('lib/services/monetization_controller.dart').
  Try correcting the name to the name of an existing getter, or defining a getter or field named 'rewardedCredits'.
        expect(controller.rewardedCredits, 0);
                          ^^^^^^^^^^^^^^^
  test/monetization_controller_test.dart:65:25: Error: The getter 'freeRepliesUsed' isn't defined for the type 'MonetizationController'.
   - 'MonetizationController' is from 'package:reply_rizz/services/monetization_controller.dart' ('lib/services/monetization_controller.dart').
  Try correcting the name to the name of an existing getter, or defining a getter or field named 'freeRepliesUsed'.
        expect(controller.freeRepliesUsed, 0);
                          ^^^^^^^^^^^^^^^
  .
00:00 +0 -1: Some tests failed.
